// Jest Snapshot v1, https://goo.gl/fbAQLP

exports[`simple invalid let foo = 1 1`] = `
"let foo = 1
     ^^^ [No variables named foo]"
`;

exports[`simple valid [no code] 1`] = `""`;

exports[`simple valid let a 1`] = `"let a"`;
